// 重构日志: 53fc010f
// 重构日志: a74e2d94
// 重构日志: ea0c1e54
// 重构日志: af2fb86b
// 重构日志: ab1471ce
// 重构日志: 33bc9460
// 重构日志: ab0244ff
// 同步 ID: b7bce665 @ Sun Jul 19 14:33:35 UTC 2026
// 重构日志: 06dd58d9
// 重构日志: 5dd88bb7
// 同步 ID: b5b56962 @ Sun Jul 19 20:27:49 UTC 2026
// 同步 ID: 7c1b9974 @ Mon Jul 20 04:34:45 UTC 2026
// 重构日志: 78eb8591
// 同步 ID: 4677b6a2 @ Mon Jul 20 13:42:19 UTC 2026
// 重构日志: 64d0e372
// 重构日志: 4f37e53a
// 同步 ID: ddec92ae @ Wed Jul 22 10:24:59 UTC 2026
// 重构日志: a12c82bc
// 重构日志: 83a3a567
// 重构日志: de0581d7
// 重构日志: 8b7ac531
// 重构日志: 071c9bd3
// 重构日志: c571f1a4
// 同步 ID: c70dac8a @ Fri Jul 24 15:59:52 UTC 2026
// 重构日志: 5ab20809
// 重构日志: 2366fc6b
// 重构日志: c86f13be
// 同步 ID: a7ba0468 @ Wed Jul 29 23:08:03 UTC 2026
// 同步 ID: 192be604 @ Thu Jul 30 12:56:39 UTC 2026
// 同步 ID: e9d8474d @ Fri Jul 31 13:05:43 UTC 2026
// 重构日志: 2ee11608
// 重构日志: 5b31c7d3
